expected:
  - name:  "nesting"
    results: 
      - "G1s0N20bWzRtG1szMG0g44K344Of44Oq44O8IBtbMG0bWzQwOzFtG1szN20g44K344Of44Oq44O8
IBtbMG0KG1s0Nm0bWzRtG1szMW0g44K344Of44Oq44O8IBtbMG0bWzQxOzFtG1szNm0g44K344Of
44Oq44O8IBtbMG0KG1s0NW0bWzRtG1szMm0g44K344Of44Oq44O8IBtbMG0bWzQyOzFtG1szNW0g
44K344Of44Oq44O8IBtbMG0KG1s0NG0bWzRtG1szM20g44K344Of44Oq44O8IBtbMG0bWzQzOzFt
G1szNG0g44K344Of44Oq44O8IBtbMG0KG1s0M20bWzRtG1szNG0g44K344Of44Oq44O8IBtbMG0b
WzQ0OzFtG1szM20g44K344Of44Oq44O8IBtbMG0KG1s0Mm0bWzRtG1szNW0g44K344Of44Oq44O8
IBtbMG0bWzQ1OzFtG1szMm0g44K344Of44Oq44O8IBtbMG0KG1s0MW0bWzRtG1szNm0g44K344Of
44Oq44O8IBtbMG0bWzQ2OzFtG1szMW0g44K344Of44Oq44O8IBtbMG0KG1s0MG0bWzRtG1szN20g
44K344Of44Oq44O8IBtbMG0bWzQ3OzFtG1szMG0g44K344Of44Oq44O8IBtbMG0K"
  - name: "rainbow"
    results:
      - "G1szMG0g44K344Of44Oq44O8IBtbMG0bWzQwbSDjgrfjg5/jg6rjg7wgG1swbRtbMzA7MW0g44K3
44Of44Oq44O8IBtbMG0bWzQwOzFtIOOCt+ODn+ODquODvCAbWzBtChtbNG0bWzMwbSDjgrfjg5/j
g6rjg7wgG1swbRtbNG0bWzQwbSDjgrfjg5/jg6rjg7wgG1swbRtbNG0bWzMwOzFtIOOCt+ODn+OD
quODvCAbWzBtG1s0bRtbNDA7MW0g44K344Of44Oq44O8IBtbMG0KG1sxbRtbMzBtIOOCt+ODn+OD
quODvCAbWzBtG1sxbRtbNDBtIOOCt+ODn+ODquODvCAbWzBtG1sxbRtbMzA7MW0g44K344Of44Oq
44O8IBtbMG0bWzFtG1s0MDsxbSDjgrfjg5/jg6rjg7wgG1swbQobWzRtG1sxbRtbMzBtIOOCt+OD
n+ODquODvCAbWzBtG1s0bRtbMW0bWzQwbSDjgrfjg5/jg6rjg7wgG1swbRtbNG0bWzFtG1szMDsx
bSDjgrfjg5/jg6rjg7wgG1swbRtbNG0bWzFtG1s0MDsxbSDjgrfjg5/jg6rjg7wgG1swbQobWzdt
G1szMG0g44K344Of44Oq44O8IBtbMG0bWzdtG1s0MG0g44K344Of44Oq44O8IBtbMG0bWzdtG1sz
MDsxbSDjgrfjg5/jg6rjg7wgG1swbRtbN20bWzQwOzFtIOOCt+ODn+ODquODvCAbWzBtChtbNG0b
WzdtG1szMG0g44K344Of44Oq44O8IBtbMG0bWzRtG1s3bRtbNDBtIOOCt+ODn+ODquODvCAbWzBt
G1s0bRtbN20bWzMwOzFtIOOCt+ODn+ODquODvCAbWzBtG1s0bRtbN20bWzQwOzFtIOOCt+ODn+OD
quODvCAbWzBtChtbMW0bWzdtG1szMG0g44K344Of44Oq44O8IBtbMG0bWzFtG1s3bRtbNDBtIOOC
t+ODn+ODquODvCAbWzBtG1sxbRtbN20bWzMwOzFtIOOCt+ODn+ODquODvCAbWzBtG1sxbRtbN20b
WzQwOzFtIOOCt+ODn+ODquODvCAbWzBtChtbNG0bWzFtG1s3bRtbMzBtIOOCt+ODn+ODquODvCAb
WzBtG1s0bRtbMW0bWzdtG1s0MG0g44K344Of44Oq44O8IBtbMG0bWzRtG1sxbRtbN20bWzMwOzFt
IOOCt+ODn+ODquODvCAbWzBtG1s0bRtbMW0bWzdtG1s0MDsxbSDjgrfjg5/jg6rjg7wgG1swbQob
WzMxbSDjgrfjg5/jg6rjg7wgG1swbRtbNDFtIOOCt+ODn+ODquODvCAbWzBtG1szMTsxbSDjgrfj
g5/jg6rjg7wgG1swbRtbNDE7MW0g44K344Of44Oq44O8IBtbMG0KG1s0bRtbMzFtIOOCt+ODn+OD
quODvCAbWzBtG1s0bRtbNDFtIOOCt+ODn+ODquODvCAbWzBtG1s0bRtbMzE7MW0g44K344Of44Oq
44O8IBtbMG0bWzRtG1s0MTsxbSDjgrfjg5/jg6rjg7wgG1swbQobWzFtG1szMW0g44K344Of44Oq
44O8IBtbMG0bWzFtG1s0MW0g44K344Of44Oq44O8IBtbMG0bWzFtG1szMTsxbSDjgrfjg5/jg6rj
g7wgG1swbRtbMW0bWzQxOzFtIOOCt+ODn+ODquODvCAbWzBtChtbNG0bWzFtG1szMW0g44K344Of
44Oq44O8IBtbMG0bWzRtG1sxbRtbNDFtIOOCt+ODn+ODquODvCAbWzBtG1s0bRtbMW0bWzMxOzFt
IOOCt+ODn+ODquODvCAbWzBtG1s0bRtbMW0bWzQxOzFtIOOCt+ODn+ODquODvCAbWzBtChtbN20b
WzMxbSDjgrfjg5/jg6rjg7wgG1swbRtbN20bWzQxbSDjgrfjg5/jg6rjg7wgG1swbRtbN20bWzMx
OzFtIOOCt+ODn+ODquODvCAbWzBtG1s3bRtbNDE7MW0g44K344Of44Oq44O8IBtbMG0KG1s0bRtb
N20bWzMxbSDjgrfjg5/jg6rjg7wgG1swbRtbNG0bWzdtG1s0MW0g44K344Of44Oq44O8IBtbMG0b
WzRtG1s3bRtbMzE7MW0g44K344Of44Oq44O8IBtbMG0bWzRtG1s3bRtbNDE7MW0g44K344Of44Oq
44O8IBtbMG0KG1sxbRtbN20bWzMxbSDjgrfjg5/jg6rjg7wgG1swbRtbMW0bWzdtG1s0MW0g44K3
44Of44Oq44O8IBtbMG0bWzFtG1s3bRtbMzE7MW0g44K344Of44Oq44O8IBtbMG0bWzFtG1s3bRtb
NDE7MW0g44K344Of44Oq44O8IBtbMG0KG1s0bRtbMW0bWzdtG1szMW0g44K344Of44Oq44O8IBtb
MG0bWzRtG1sxbRtbN20bWzQxbSDjgrfjg5/jg6rjg7wgG1swbRtbNG0bWzFtG1s3bRtbMzE7MW0g
44K344Of44Oq44O8IBtbMG0bWzRtG1sxbRtbN20bWzQxOzFtIOOCt+ODn+ODquODvCAbWzBtChtb
MzJtIOOCt+ODn+ODquODvCAbWzBtG1s0Mm0g44K344Of44Oq44O8IBtbMG0bWzMyOzFtIOOCt+OD
n+ODquODvCAbWzBtG1s0MjsxbSDjgrfjg5/jg6rjg7wgG1swbQobWzRtG1szMm0g44K344Of44Oq
44O8IBtbMG0bWzRtG1s0Mm0g44K344Of44Oq44O8IBtbMG0bWzRtG1szMjsxbSDjgrfjg5/jg6rj
g7wgG1swbRtbNG0bWzQyOzFtIOOCt+ODn+ODquODvCAbWzBtChtbMW0bWzMybSDjgrfjg5/jg6rj
g7wgG1swbRtbMW0bWzQybSDjgrfjg5/jg6rjg7wgG1swbRtbMW0bWzMyOzFtIOOCt+ODn+ODquOD
vCAbWzBtG1sxbRtbNDI7MW0g44K344Of44Oq44O8IBtbMG0KG1s0bRtbMW0bWzMybSDjgrfjg5/j
g6rjg7wgG1swbRtbNG0bWzFtG1s0Mm0g44K344Of44Oq44O8IBtbMG0bWzRtG1sxbRtbMzI7MW0g
44K344Of44Oq44O8IBtbMG0bWzRtG1sxbRtbNDI7MW0g44K344Of44Oq44O8IBtbMG0KG1s3bRtb
MzJtIOOCt+ODn+ODquODvCAbWzBtG1s3bRtbNDJtIOOCt+ODn+ODquODvCAbWzBtG1s3bRtbMzI7
MW0g44K344Of44Oq44O8IBtbMG0bWzdtG1s0MjsxbSDjgrfjg5/jg6rjg7wgG1swbQobWzRtG1s3
bRtbMzJtIOOCt+ODn+ODquODvCAbWzBtG1s0bRtbN20bWzQybSDjgrfjg5/jg6rjg7wgG1swbRtb
NG0bWzdtG1szMjsxbSDjgrfjg5/jg6rjg7wgG1swbRtbNG0bWzdtG1s0MjsxbSDjgrfjg5/jg6rj
g7wgG1swbQobWzFtG1s3bRtbMzJtIOOCt+ODn+ODquODvCAbWzBtG1sxbRtbN20bWzQybSDjgrfj
g5/jg6rjg7wgG1swbRtbMW0bWzdtG1szMjsxbSDjgrfjg5/jg6rjg7wgG1swbRtbMW0bWzdtG1s0
MjsxbSDjgrfjg5/jg6rjg7wgG1swbQobWzRtG1sxbRtbN20bWzMybSDjgrfjg5/jg6rjg7wgG1sw
bRtbNG0bWzFtG1s3bRtbNDJtIOOCt+ODn+ODquODvCAbWzBtG1s0bRtbMW0bWzdtG1szMjsxbSDj
grfjg5/jg6rjg7wgG1swbRtbNG0bWzFtG1s3bRtbNDI7MW0g44K344Of44Oq44O8IBtbMG0KG1sz
M20g44K344Of44Oq44O8IBtbMG0bWzQzbSDjgrfjg5/jg6rjg7wgG1swbRtbMzM7MW0g44K344Of
44Oq44O8IBtbMG0bWzQzOzFtIOOCt+ODn+ODquODvCAbWzBtChtbNG0bWzMzbSDjgrfjg5/jg6rj
g7wgG1swbRtbNG0bWzQzbSDjgrfjg5/jg6rjg7wgG1swbRtbNG0bWzMzOzFtIOOCt+ODn+ODquOD
vCAbWzBtG1s0bRtbNDM7MW0g44K344Of44Oq44O8IBtbMG0KG1sxbRtbMzNtIOOCt+ODn+ODquOD
vCAbWzBtG1sxbRtbNDNtIOOCt+ODn+ODquODvCAbWzBtG1sxbRtbMzM7MW0g44K344Of44Oq44O8
IBtbMG0bWzFtG1s0MzsxbSDjgrfjg5/jg6rjg7wgG1swbQobWzRtG1sxbRtbMzNtIOOCt+ODn+OD
quODvCAbWzBtG1s0bRtbMW0bWzQzbSDjgrfjg5/jg6rjg7wgG1swbRtbNG0bWzFtG1szMzsxbSDj
grfjg5/jg6rjg7wgG1swbRtbNG0bWzFtG1s0MzsxbSDjgrfjg5/jg6rjg7wgG1swbQobWzdtG1sz
M20g44K344Of44Oq44O8IBtbMG0bWzdtG1s0M20g44K344Of44Oq44O8IBtbMG0bWzdtG1szMzsx
bSDjgrfjg5/jg6rjg7wgG1swbRtbN20bWzQzOzFtIOOCt+ODn+ODquODvCAbWzBtChtbNG0bWzdt
G1szM20g44K344Of44Oq44O8IBtbMG0bWzRtG1s3bRtbNDNtIOOCt+ODn+ODquODvCAbWzBtG1s0
bRtbN20bWzMzOzFtIOOCt+ODn+ODquODvCAbWzBtG1s0bRtbN20bWzQzOzFtIOOCt+ODn+ODquOD
vCAbWzBtChtbMW0bWzdtG1szM20g44K344Of44Oq44O8IBtbMG0bWzFtG1s3bRtbNDNtIOOCt+OD
n+ODquODvCAbWzBtG1sxbRtbN20bWzMzOzFtIOOCt+ODn+ODquODvCAbWzBtG1sxbRtbN20bWzQz
OzFtIOOCt+ODn+ODquODvCAbWzBtChtbNG0bWzFtG1s3bRtbMzNtIOOCt+ODn+ODquODvCAbWzBt
G1s0bRtbMW0bWzdtG1s0M20g44K344Of44Oq44O8IBtbMG0bWzRtG1sxbRtbN20bWzMzOzFtIOOC
t+ODn+ODquODvCAbWzBtG1s0bRtbMW0bWzdtG1s0MzsxbSDjgrfjg5/jg6rjg7wgG1swbQobWzM0
bSDjgrfjg5/jg6rjg7wgG1swbRtbNDRtIOOCt+ODn+ODquODvCAbWzBtG1szNDsxbSDjgrfjg5/j
g6rjg7wgG1swbRtbNDQ7MW0g44K344Of44Oq44O8IBtbMG0KG1s0bRtbMzRtIOOCt+ODn+ODquOD
vCAbWzBtG1s0bRtbNDRtIOOCt+ODn+ODquODvCAbWzBtG1s0bRtbMzQ7MW0g44K344Of44Oq44O8
IBtbMG0bWzRtG1s0NDsxbSDjgrfjg5/jg6rjg7wgG1swbQobWzFtG1szNG0g44K344Of44Oq44O8
IBtbMG0bWzFtG1s0NG0g44K344Of44Oq44O8IBtbMG0bWzFtG1szNDsxbSDjgrfjg5/jg6rjg7wg
G1swbRtbMW0bWzQ0OzFtIOOCt+ODn+ODquODvCAbWzBtChtbNG0bWzFtG1szNG0g44K344Of44Oq
44O8IBtbMG0bWzRtG1sxbRtbNDRtIOOCt+ODn+ODquODvCAbWzBtG1s0bRtbMW0bWzM0OzFtIOOC
t+ODn+ODquODvCAbWzBtG1s0bRtbMW0bWzQ0OzFtIOOCt+ODn+ODquODvCAbWzBtChtbN20bWzM0
bSDjgrfjg5/jg6rjg7wgG1swbRtbN20bWzQ0bSDjgrfjg5/jg6rjg7wgG1swbRtbN20bWzM0OzFt
IOOCt+ODn+ODquODvCAbWzBtG1s3bRtbNDQ7MW0g44K344Of44Oq44O8IBtbMG0KG1s0bRtbN20b
WzM0bSDjgrfjg5/jg6rjg7wgG1swbRtbNG0bWzdtG1s0NG0g44K344Of44Oq44O8IBtbMG0bWzRt
G1s3bRtbMzQ7MW0g44K344Of44Oq44O8IBtbMG0bWzRtG1s3bRtbNDQ7MW0g44K344Of44Oq44O8
IBtbMG0KG1sxbRtbN20bWzM0bSDjgrfjg5/jg6rjg7wgG1swbRtbMW0bWzdtG1s0NG0g44K344Of
44Oq44O8IBtbMG0bWzFtG1s3bRtbMzQ7MW0g44K344Of44Oq44O8IBtbMG0bWzFtG1s3bRtbNDQ7
MW0g44K344Of44Oq44O8IBtbMG0KG1s0bRtbMW0bWzdtG1szNG0g44K344Of44Oq44O8IBtbMG0b
WzRtG1sxbRtbN20bWzQ0bSDjgrfjg5/jg6rjg7wgG1swbRtbNG0bWzFtG1s3bRtbMzQ7MW0g44K3
44Of44Oq44O8IBtbMG0bWzRtG1sxbRtbN20bWzQ0OzFtIOOCt+ODn+ODquODvCAbWzBtChtbMzVt
IOOCt+ODn+ODquODvCAbWzBtG1s0NW0g44K344Of44Oq44O8IBtbMG0bWzM1OzFtIOOCt+ODn+OD
quODvCAbWzBtG1s0NTsxbSDjgrfjg5/jg6rjg7wgG1swbQobWzRtG1szNW0g44K344Of44Oq44O8
IBtbMG0bWzRtG1s0NW0g44K344Of44Oq44O8IBtbMG0bWzRtG1szNTsxbSDjgrfjg5/jg6rjg7wg
G1swbRtbNG0bWzQ1OzFtIOOCt+ODn+ODquODvCAbWzBtChtbMW0bWzM1bSDjgrfjg5/jg6rjg7wg
G1swbRtbMW0bWzQ1bSDjgrfjg5/jg6rjg7wgG1swbRtbMW0bWzM1OzFtIOOCt+ODn+ODquODvCAb
WzBtG1sxbRtbNDU7MW0g44K344Of44Oq44O8IBtbMG0KG1s0bRtbMW0bWzM1bSDjgrfjg5/jg6rj
g7wgG1swbRtbNG0bWzFtG1s0NW0g44K344Of44Oq44O8IBtbMG0bWzRtG1sxbRtbMzU7MW0g44K3
44Of44Oq44O8IBtbMG0bWzRtG1sxbRtbNDU7MW0g44K344Of44Oq44O8IBtbMG0KG1s3bRtbMzVt
IOOCt+ODn+ODquODvCAbWzBtG1s3bRtbNDVtIOOCt+ODn+ODquODvCAbWzBtG1s3bRtbMzU7MW0g
44K344Of44Oq44O8IBtbMG0bWzdtG1s0NTsxbSDjgrfjg5/jg6rjg7wgG1swbQobWzRtG1s3bRtb
MzVtIOOCt+ODn+ODquODvCAbWzBtG1s0bRtbN20bWzQ1bSDjgrfjg5/jg6rjg7wgG1swbRtbNG0b
WzdtG1szNTsxbSDjgrfjg5/jg6rjg7wgG1swbRtbNG0bWzdtG1s0NTsxbSDjgrfjg5/jg6rjg7wg
G1swbQobWzFtG1s3bRtbMzVtIOOCt+ODn+ODquODvCAbWzBtG1sxbRtbN20bWzQ1bSDjgrfjg5/j
g6rjg7wgG1swbRtbMW0bWzdtG1szNTsxbSDjgrfjg5/jg6rjg7wgG1swbRtbMW0bWzdtG1s0NTsx
bSDjgrfjg5/jg6rjg7wgG1swbQobWzRtG1sxbRtbN20bWzM1bSDjgrfjg5/jg6rjg7wgG1swbRtb
NG0bWzFtG1s3bRtbNDVtIOOCt+ODn+ODquODvCAbWzBtG1s0bRtbMW0bWzdtG1szNTsxbSDjgrfj
g5/jg6rjg7wgG1swbRtbNG0bWzFtG1s3bRtbNDU7MW0g44K344Of44Oq44O8IBtbMG0KG1szNm0g
44K344Of44Oq44O8IBtbMG0bWzQ2bSDjgrfjg5/jg6rjg7wgG1swbRtbMzY7MW0g44K344Of44Oq
44O8IBtbMG0bWzQ2OzFtIOOCt+ODn+ODquODvCAbWzBtChtbNG0bWzM2bSDjgrfjg5/jg6rjg7wg
G1swbRtbNG0bWzQ2bSDjgrfjg5/jg6rjg7wgG1swbRtbNG0bWzM2OzFtIOOCt+ODn+ODquODvCAb
WzBtG1s0bRtbNDY7MW0g44K344Of44Oq44O8IBtbMG0KG1sxbRtbMzZtIOOCt+ODn+ODquODvCAb
WzBtG1sxbRtbNDZtIOOCt+ODn+ODquODvCAbWzBtG1sxbRtbMzY7MW0g44K344Of44Oq44O8IBtb
MG0bWzFtG1s0NjsxbSDjgrfjg5/jg6rjg7wgG1swbQobWzRtG1sxbRtbMzZtIOOCt+ODn+ODquOD
vCAbWzBtG1s0bRtbMW0bWzQ2bSDjgrfjg5/jg6rjg7wgG1swbRtbNG0bWzFtG1szNjsxbSDjgrfj
g5/jg6rjg7wgG1swbRtbNG0bWzFtG1s0NjsxbSDjgrfjg5/jg6rjg7wgG1swbQobWzdtG1szNm0g
44K344Of44Oq44O8IBtbMG0bWzdtG1s0Nm0g44K344Of44Oq44O8IBtbMG0bWzdtG1szNjsxbSDj
grfjg5/jg6rjg7wgG1swbRtbN20bWzQ2OzFtIOOCt+ODn+ODquODvCAbWzBtChtbNG0bWzdtG1sz
Nm0g44K344Of44Oq44O8IBtbMG0bWzRtG1s3bRtbNDZtIOOCt+ODn+ODquODvCAbWzBtG1s0bRtb
N20bWzM2OzFtIOOCt+ODn+ODquODvCAbWzBtG1s0bRtbN20bWzQ2OzFtIOOCt+ODn+ODquODvCAb
WzBtChtbMW0bWzdtG1szNm0g44K344Of44Oq44O8IBtbMG0bWzFtG1s3bRtbNDZtIOOCt+ODn+OD
quODvCAbWzBtG1sxbRtbN20bWzM2OzFtIOOCt+ODn+ODquODvCAbWzBtG1sxbRtbN20bWzQ2OzFt
IOOCt+ODn+ODquODvCAbWzBtChtbNG0bWzFtG1s3bRtbMzZtIOOCt+ODn+ODquODvCAbWzBtG1s0
bRtbMW0bWzdtG1s0Nm0g44K344Of44Oq44O8IBtbMG0bWzRtG1sxbRtbN20bWzM2OzFtIOOCt+OD
n+ODquODvCAbWzBtG1s0bRtbMW0bWzdtG1s0NjsxbSDjgrfjg5/jg6rjg7wgG1swbQobWzM3bSDj
grfjg5/jg6rjg7wgG1swbRtbNDdtIOOCt+ODn+ODquODvCAbWzBtG1szNzsxbSDjgrfjg5/jg6rj
g7wgG1swbRtbNDc7MW0g44K344Of44Oq44O8IBtbMG0KG1s0bRtbMzdtIOOCt+ODn+ODquODvCAb
WzBtG1s0bRtbNDdtIOOCt+ODn+ODquODvCAbWzBtG1s0bRtbMzc7MW0g44K344Of44Oq44O8IBtb
MG0bWzRtG1s0NzsxbSDjgrfjg5/jg6rjg7wgG1swbQobWzFtG1szN20g44K344Of44Oq44O8IBtb
MG0bWzFtG1s0N20g44K344Of44Oq44O8IBtbMG0bWzFtG1szNzsxbSDjgrfjg5/jg6rjg7wgG1sw
bRtbMW0bWzQ3OzFtIOOCt+ODn+ODquODvCAbWzBtChtbNG0bWzFtG1szN20g44K344Of44Oq44O8
IBtbMG0bWzRtG1sxbRtbNDdtIOOCt+ODn+ODquODvCAbWzBtG1s0bRtbMW0bWzM3OzFtIOOCt+OD
n+ODquODvCAbWzBtG1s0bRtbMW0bWzQ3OzFtIOOCt+ODn+ODquODvCAbWzBtChtbN20bWzM3bSDj
grfjg5/jg6rjg7wgG1swbRtbN20bWzQ3bSDjgrfjg5/jg6rjg7wgG1swbRtbN20bWzM3OzFtIOOC
t+ODn+ODquODvCAbWzBtG1s3bRtbNDc7MW0g44K344Of44Oq44O8IBtbMG0KG1s0bRtbN20bWzM3
bSDjgrfjg5/jg6rjg7wgG1swbRtbNG0bWzdtG1s0N20g44K344Of44Oq44O8IBtbMG0bWzRtG1s3
bRtbMzc7MW0g44K344Of44Oq44O8IBtbMG0bWzRtG1s3bRtbNDc7MW0g44K344Of44Oq44O8IBtb
MG0KG1sxbRtbN20bWzM3bSDjgrfjg5/jg6rjg7wgG1swbRtbMW0bWzdtG1s0N20g44K344Of44Oq
44O8IBtbMG0bWzFtG1s3bRtbMzc7MW0g44K344Of44Oq44O8IBtbMG0bWzFtG1s3bRtbNDc7MW0g
44K344Of44Oq44O8IBtbMG0KG1s0bRtbMW0bWzdtG1szN20g44K344Of44Oq44O8IBtbMG0bWzRt
G1sxbRtbN20bWzQ3bSDjgrfjg5/jg6rjg7wgG1swbRtbNG0bWzFtG1s3bRtbMzc7MW0g44K344Of
44Oq44O8IBtbMG0bWzRtG1sxbRtbN20bWzQ3OzFtIOOCt+ODn+ODquODvCAbWzBtCg=="

